// Jest Snapshot v1, https://goo.gl/fbAQLP

exports[`<GifGridItem /> Tests should render component 1`] = `
<div
  className="card animate__animated animate__fadeIn"
>
  <img
    alt="gif title"
    src="https://www.git.url"
  />
  <p>
    gif title
  </p>
</div>
`;
