// Jest Snapshot v1, https://goo.gl/fbAQLP

exports[`test <GifGrid /> should render 1`] = `
<Fragment>
  <h3>
    One Piece
  </h3>
  Loading...
  <div
    className="card-grid"
  />
</Fragment>
`;
